WARNING: Image format was not specified for '/home/yueqi/w2l/code/defender/img/wheezy.img' and probing guessed raw.
         Automatically detecting the format is dangerous for raw images, write operations on block 0 will be restricted.
         Specify the 'raw' format explicitly to remove the restrictions.
c[?7l[2J[0mSeaBIOS (version rel-1.13.0-0-gf21b5a4aeb02-prebuilt.qemu.org)


iPXE (http://ipxe.org) 00:03.0 CA00 PCI2.10 PnP PMM+3FF90760+3FEF0760 CA00
Press Ctrl-B to configure iPXE (PCI 00:03.0)...                                                                               


Booting from ROM...
eeaarrllyy  ccoonnssoollee  iinn  sseettuupp  ccoodde
c[?7l[2J[0meWrong EFI loader signature.
early console in extract_kernel
input_data: 0x00000000027083b1
input_len: 0x0000000000832c2f
output: 0x0000000001000000
output_len: 0x0000000001f0b9f8
kernel_total_size: 0x0000000001c26000
needed_size: 0x0000000002000000
trampoline_32bit: 0x000000000009d000

Decompressing Linux... Parsing ELF... done.
Booting the kernel.
[    0.000000] Linux version 5.5.3 (yueqi@OptiPlex-7040) (gcc version 8.0.0 20170502 (experimental) (GCC)) #70 SMP Tue Jul 7 14:52:58 EDT 2020
[    0.000000] Command line: console=ttyS0 root=/dev/sda debug earlyprintk=serial oops=panic panic_on_warn=1 noaslr
[    0.000000] x86/fpu: x87 FPU will use FXSAVE
[    0.000000] BIOS-provided physical RAM map:
[    0.000000] BIOS-e820: [mem 0x0000000000000000-0x000000000009fbff] usable
[    0.000000] BIOS-e820: [mem 0x000000000009fc00-0x000000000009ffff] reserved
[    0.000000] BIOS-e820: [mem 0x00000000000f0000-0x00000000000fffff] reserved
[    0.000000] BIOS-e820: [mem 0x0000000000100000-0x000000003ffdffff] usable
[    0.000000] BIOS-e820: [mem 0x000000003ffe0000-0x000000003fffffff] reserved
[    0.000000] BIOS-e820: [mem 0x00000000feffc000-0x00000000feffffff] reserved
[    0.000000] BIOS-e820: [mem 0x00000000fffc0000-0x00000000ffffffff] reserved
[    0.000000] printk: bootconsole [earlyser0] enabled
[    0.000000] NX (Execute Disable) protection: active
[    0.000000] SMBIOS 2.8 present.
[    0.000000] DMI: QEMU Standard PC (i440FX + PIIX, 1996), BIOS rel-1.13.0-0-gf21b5a4aeb02-prebuilt.qemu.org 04/01/2014
[    0.000000] Hypervisor detected: KVM
[    0.000000] kvm-clock: Using msrs 4b564d01 and 4b564d00
[    0.000000] kvm-clock: cpu 0, msr 2b24001, primary cpu clock
[    0.000000] kvm-clock: using sched offset of 196708987 cycles
[    0.000711] clocksource: kvm-clock: mask: 0xffffffffffffffff max_cycles: 0x1cd42e4dffb, max_idle_ns: 881590591483 ns
[    0.002738] tsc: Detected 3408.000 MHz processor
[    0.004385] e820: update [mem 0x00000000-0x00000fff] usable ==> reserved
[    0.005252] e820: remove [mem 0x000a0000-0x000fffff] usable
[    0.005960] last_pfn = 0x3ffe0 max_arch_pfn = 0x400000000
[    0.006795] MTRR default type: write-back
[    0.007384] MTRR fixed ranges enabled:
[    0.007857]   00000-9FFFF write-back
[    0.008302]   A0000-BFFFF uncachable
[    0.008746]   C0000-FFFFF write-protect
[    0.009223] MTRR variable ranges enabled:
[    0.009722]   0 base 0080000000 mask FF80000000 uncachable
[    0.010404]   1 disabled
[    0.010718]   2 disabled
[    0.011033]   3 disabled
[    0.011347]   4 disabled
[    0.011666]   5 disabled
[    0.011979]   6 disabled
[    0.012293]   7 disabled
[    0.012612] x86/PAT: PAT not supported by CPU.
[    0.013166] x86/PAT: Configuration [0-7]: WB  WT  UC- UC  WB  WT  UC- UC  
[    0.020158] found SMP MP-table at [mem 0x000f5ab0-0x000f5abf]
[    0.020974] check: Scanning 1 areas for low memory corruption
[    0.021711] BRK [0x02c01000, 0x02c01fff] PGTABLE
[    0.022288] BRK [0x02c02000, 0x02c02fff] PGTABLE
[    0.022863] BRK [0x02c03000, 0x02c03fff] PGTABLE
[    0.023508] BRK [0x02c04000, 0x02c04fff] PGTABLE
[    0.024223] ACPI: Early table checksum verification disabled
[    0.025214] ACPI: RSDP 0x00000000000F58D0 000014 (v00 BOCHS )
[    0.025934] ACPI: RSDT 0x000000003FFE156F 000030 (v01 BOCHS  BXPCRSDT 00000001 BXPC 00000001)
[    0.027002] ACPI: FACP 0x000000003FFE144B 000074 (v01 BOCHS  BXPCFACP 00000001 BXPC 00000001)
[    0.028074] ACPI: DSDT 0x000000003FFE0040 00140B (v01 BOCHS  BXPCDSDT 00000001 BXPC 00000001)
[    0.029140] ACPI: FACS 0x000000003FFE0000 000040
[    0.029719] ACPI: APIC 0x000000003FFE14BF 000078 (v01 BOCHS  BXPCAPIC 00000001 BXPC 00000001)
[    0.030787] ACPI: HPET 0x000000003FFE1537 000038 (v01 BOCHS  BXPCHPET 00000001 BXPC 00000001)
[    0.031861] ACPI: Local APIC address 0xfee00000
[    0.032714] No NUMA configuration found
[    0.033193] Faking a node at [mem 0x0000000000000000-0x000000003ffdffff]
[    0.034031] NODE_DATA(0) allocated [mem 0x3ffdc000-0x3ffdffff]
[    0.034778] Zone ranges:
[    0.035093]   DMA      [mem 0x0000000000001000-0x0000000000ffffff]
[    0.035865]   DMA32    [mem 0x0000000001000000-0x000000003ffdffff]
[    0.036749]   Normal   empty
[    0.037171] Movable zone start for each node
[    0.037798] Early memory node ranges
[    0.038322]   node   0: [mem 0x0000000000001000-0x000000000009efff]
[    0.039240]   node   0: [mem 0x0000000000100000-0x000000003ffdffff]
[    0.040346] Zeroed struct page in unavailable ranges: 130 pages
[    0.040347] Initmem setup node 0 [mem 0x0000000000001000-0x000000003ffdffff]
[    0.042496] On node 0 totalpages: 262014
[    0.043219]   DMA zone: 64 pages used for memmap
[    0.043895]   DMA zone: 21 pages reserved
[    0.044479]   DMA zone: 3998 pages, LIFO batch:0
[    0.045188]   DMA32 zone: 4032 pages used for memmap
[    0.045911]   DMA32 zone: 258016 pages, LIFO batch:63
[    0.049804] ACPI: PM-Timer IO Port: 0x608
[    0.050378] ACPI: Local APIC address 0xfee00000
[    0.050951] ACPI: LAPIC_NMI (acpi_id[0xff] dfl dfl lint[0x1])
[    0.051706] IOAPIC[0]: apic_id 0, version 17, address 0xfec00000, GSI 0-23
[    0.052567] ACPI: INT_SRC_OVR (bus 0 bus_irq 0 global_irq 2 dfl dfl)
[    0.053359] ACPI: INT_SRC_OVR (bus 0 bus_irq 5 global_irq 5 high level)
[    0.054183] ACPI: INT_SRC_OVR (bus 0 bus_irq 9 global_irq 9 high level)
[    0.055130] ACPI: INT_SRC_OVR (bus 0 bus_irq 10 global_irq 10 high level)
[    0.056127] ACPI: INT_SRC_OVR (bus 0 bus_irq 11 global_irq 11 high level)
[    0.057120] ACPI: IRQ0 used by override.
[    0.057692] ACPI: IRQ5 used by override.
[    0.058264] ACPI: IRQ9 used by override.
[    0.058838] ACPI: IRQ10 used by override.
[    0.059449] ACPI: IRQ11 used by override.
[    0.060270] Using ACPI (MADT) for SMP configuration information
[    0.061281] ACPI: HPET id: 0x8086a201 base: 0xfed00000
[    0.062040] smpboot: Allowing 1 CPUs, 0 hotplug CPUs
[    0.062777] PM: Registered nosave memory: [mem 0x00000000-0x00000fff]
[    0.063726] PM: Registered nosave memory: [mem 0x0009f000-0x0009ffff]
[    0.064668] PM: Registered nosave memory: [mem 0x000a0000-0x000effff]
[    0.065608] PM: Registered nosave memory: [mem 0x000f0000-0x000fffff]
[    0.066549] [mem 0x40000000-0xfeffbfff] available for PCI devices
[    0.067447] Booting paravirtualized kernel on KVM
[    0.068140] clocksource: refined-jiffies: mask: 0xffffffff max_cycles: 0xffffffff, max_idle_ns: 1910969940391419 ns
[    0.137054] setup_percpu: NR_CPUS:64 nr_cpumask_bits:64 nr_cpu_ids:1 nr_node_ids:1
[    0.138383] percpu: Embedded 53 pages/cpu s176536 r8192 d32360 u2097152
[    0.139195] pcpu-alloc: s176536 r8192 d32360 u2097152 alloc=1*2097152
[    0.140078] pcpu-alloc: [0] 0 
[    0.140474] KVM setup async PF for cpu 0
[    0.140965] kvm-stealtime: cpu 0, msr 3ec18580
[    0.141550] Built 1 zonelists, mobility grouping on.  Total pages: 257897
[    0.142412] Policy zone: DMA32
[    0.142900] Kernel command line: console=ttyS0 root=/dev/sda debug earlyprintk=serial oops=panic panic_on_warn=1 noaslr
[    0.144777] Dentry cache hash table entries: 131072 (order: 8, 1048576 bytes, linear)
[    0.145992] Inode-cache hash table entries: 65536 (order: 7, 524288 bytes, linear)
[    0.147219] mem auto-init: stack:off, heap alloc:off, heap free:off
[    0.150391] Memory: 1001076K/1048056K available (14339K kernel code, 1378K rwdata, 3440K rodata, 1348K init, 980K bss, 46980K reserved, 0K cma-reserved)
[    0.152874] Creating isolated SLUB: kmalloc-isolate-8
[    0.153739] Creating isolated SLUB: kmalloc-isolate-16
[    0.154618] Creating isolated SLUB: kmalloc-isolate-32
[    0.155572] Creating isolated SLUB: kmalloc-isolate-64
[    0.156443] Creating isolated SLUB: kmalloc-isolate-96
[    0.157373] Creating isolated SLUB: kmalloc-isolate-128
[    0.158267] Creating isolated SLUB: kmalloc-isolate-192
[    0.159161] Creating isolated SLUB: kmalloc-isolate-256
[    0.160060] Creating isolated SLUB: kmalloc-isolate-512
[    0.160956] Creating isolated SLUB: kmalloc-isolate-1k
[    0.161837] Creating isolated SLUB: kmalloc-isolate-2k
[    0.162717] Creating isolated SLUB: kmalloc-isolate-4k
[    0.163603] Creating isolated SLUB: kmalloc-isolate-8k
[    0.164492] SLUB: HWalign=64, Order=0-3, MinObjects=0, CPUs=1, Nodes=1
[    0.166057] Kernel/User page tables isolation: enabled
[    0.167121] rcu: Hierarchical RCU implementation.
[    0.167947] rcu: 	RCU event tracing is enabled.
[    0.168702] rcu: 	RCU restricting CPUs from NR_CPUS=64 to nr_cpu_ids=1.
[    0.169875] rcu: RCU calculated value of scheduler-enlistment delay is 100 jiffies.
[    0.171207] rcu: Adjusting geometry for rcu_fanout_leaf=16, nr_cpu_ids=1
[    0.172473] NR_IRQS: 4352, nr_irqs: 256, preallocated irqs: 16
[    0.173649] random: get_random_bytes called from start_kernel+0x30b/0x4df with crng_init=0
[    0.181979] Console: colour VGA+ 80x25
[    0.182885] printk: console [ttyS0] enabled
[    0.182885] printk: console [ttyS0] enabled
[    0.184617] printk: bootconsole [earlyser0] disabled
[    0.184617] printk: bootconsole [earlyser0] disabled
[    0.186293] ACPI: Core revision 20191018
[    0.187075] clocksource: hpet: mask: 0xffffffff max_cycles: 0xffffffff, max_idle_ns: 19112604467 ns
[    0.188745] APIC: Switch to symmetric I/O mode setup
[    0.190667] ..TIMER: vector=0x30 apic1=0 pin1=2 apic2=-1 pin2=-1
[    0.191819] clocksource: tsc-early: mask: 0xffffffffffffffff max_cycles: 0x311fd3cd494, max_idle_ns: 440795223879 ns
[    0.193634] Calibrating delay loop (skipped) preset value.. 6816.00 BogoMIPS (lpj=3408000)
[    0.194633] pid_max: default: 32768 minimum: 301
[    0.195647] LSM: Security Framework initializing
[    0.196642] SELinux:  Initializing.
[    0.197301] Mount-cache hash table entries: 2048 (order: 2, 16384 bytes, linear)
[    0.197634] Mountpoint-cache hash table entries: 2048 (order: 2, 16384 bytes, linear)
[    0.199649] Last level iTLB entries: 4KB 0, 2MB 0, 4MB 0
[    0.200632] Last level dTLB entries: 4KB 0, 2MB 0, 4MB 0, 1GB 0
[    0.201634] Spectre V1 : Mitigation: usercopy/swapgs barriers and __user pointer sanitization
[    0.202633] Spectre V2 : Spectre mitigation: kernel not compiled with retpoline; no mitigation available!
[    0.202633] Speculative Store Bypass: Vulnerable
[    0.204634] MDS: Vulnerable: Clear CPU buffers attempted, no microcode
[    0.211808] Freeing SMP alternatives memory: 44K
[    0.314691] smpboot: CPU0: Intel QEMU Virtual CPU version 2.5+ (family: 0x6, model: 0x6, stepping: 0x3)
[    0.315684] Performance Events: PMU not available due to virtualization, using software events only.
[    0.316660] rcu: Hierarchical SRCU implementation.
[    0.317307] smp: Bringing up secondary CPUs ...
[    0.317634] smp: Brought up 1 node, 1 CPU
[    0.318632] smpboot: Max logical packages: 1
[    0.319196] smpboot: Total of 1 processors activated (6816.00 BogoMIPS)
[    0.319734] devtmpfs: initialized
[    0.320788] clocksource: jiffies: mask: 0xffffffff max_cycles: 0xffffffff, max_idle_ns: 1911260446275000 ns
[    0.321635] futex hash table entries: 256 (order: 2, 16384 bytes, linear)
[    0.322724] PM: RTC time: 02:12:37, date: 2020-07-11
[    0.323635] thermal_sys: Registered thermal governor 'step_wise'
[    0.323636] thermal_sys: Registered thermal governor 'user_space'
[    0.324693] NET: Registered protocol family 16
[    0.326694] audit: initializing netlink subsys (disabled)
[    0.327698] cpuidle: using governor menu
[    0.328673] ACPI: bus type PCI registered
[    0.329429] PCI: Using configuration type 1 for base access
[    0.330636] audit: type=2000 audit(1594433558.387:1): state=initialized audit_enabled=0 res=1
[    0.333272] HugeTLB registered 2.00 MiB page size, pre-allocated 0 pages
[    0.333672] cryptomgr_test (19) used greatest stack depth: 15504 bytes left
[    0.334653] kworker/u2:0 (21) used greatest stack depth: 14568 bytes left
[    0.335689] kworker/u2:0 (25) used greatest stack depth: 14168 bytes left
[    0.337799] ACPI: Added _OSI(Module Device)
[    0.338529] ACPI: Added _OSI(Processor Device)
[    0.338636] ACPI: Added _OSI(3.0 _SCP Extensions)
[    0.339633] ACPI: Added _OSI(Processor Aggregator Device)
[    0.340637] ACPI: Added _OSI(Linux-Dell-Video)
[    0.341650] ACPI: Added _OSI(Linux-Lenovo-NV-HDMI-Audio)
[    0.342636] ACPI: Added _OSI(Linux-HPI-Hybrid-Graphics)
[    0.344098] ACPI: 1 ACPI AML tables successfully acquired and loaded
[    0.345725] ACPI: Interpreter enabled
[    0.346380] ACPI: (supports S0 S3 S4 S5)
[    0.346633] ACPI: Using IOAPIC for interrupt routing
[    0.347640] PCI: Using host bridge windows from ACPI; if necessary, use "pci=nocrs" and report a bug
[    0.348692] ACPI: Enabled 2 GPEs in block 00 to 0F
[    0.351758] ACPI: PCI Root Bridge [PCI0] (domain 0000 [bus 00-ff])
[    0.352638] acpi PNP0A03:00: _OSC: OS supports [ASPM ClockPM Segments MSI HPX-Type3]
[    0.353640] acpi PNP0A03:00: fail to add MMCONFIG information, can't access extended PCI configuration space under this bridge.
[    0.354659] PCI host bridge to bus 0000:00
[    0.355367] pci_bus 0000:00: root bus resource [io  0x0000-0x0cf7 window]
[    0.355633] pci_bus 0000:00: root bus resource [io  0x0d00-0xffff window]
[    0.356633] pci_bus 0000:00: root bus resource [mem 0x000a0000-0x000bffff window]
[    0.357633] pci_bus 0000:00: root bus resource [mem 0x40000000-0xfebfffff window]
[    0.358633] pci_bus 0000:00: root bus resource [mem 0x100000000-0x17fffffff window]
[    0.359633] pci_bus 0000:00: root bus resource [bus 00-ff]
[    0.360670] pci 0000:00:00.0: [8086:1237] type 00 class 0x060000
[    0.362032] pci 0000:00:01.0: [8086:7000] type 00 class 0x060100
[    0.363729] pci 0000:00:01.1: [8086:7010] type 00 class 0x010180
[    0.366624] pci 0000:00:01.1: reg 0x20: [io  0xc040-0xc04f]
[    0.368346] pci 0000:00:01.1: legacy IDE quirk: reg 0x10: [io  0x01f0-0x01f7]
[    0.368633] pci 0000:00:01.1: legacy IDE quirk: reg 0x14: [io  0x03f6]
[    0.369633] pci 0000:00:01.1: legacy IDE quirk: reg 0x18: [io  0x0170-0x0177]
[    0.370633] pci 0000:00:01.1: legacy IDE quirk: reg 0x1c: [io  0x0376]
[    0.371782] pci 0000:00:01.3: [8086:7113] type 00 class 0x068000
[    0.374020] pci 0000:00:01.3: quirk: [io  0x0600-0x063f] claimed by PIIX4 ACPI
[    0.374642] pci 0000:00:01.3: quirk: [io  0x0700-0x070f] claimed by PIIX4 SMB
[    0.376700] pci 0000:00:02.0: [1234:1111] type 00 class 0x030000
[    0.378656] pci 0000:00:02.0: reg 0x10: [mem 0xfd000000-0xfdffffff pref]
[    0.381310] pci 0000:00:02.0: reg 0x18: [mem 0xfebf0000-0xfebf0fff]
[    0.385287] pci 0000:00:02.0: reg 0x30: [mem 0xfebe0000-0xfebeffff pref]
[    0.385888] pci 0000:00:03.0: [8086:100e] type 00 class 0x020000
[    0.388007] pci 0000:00:03.0: reg 0x10: [mem 0xfebc0000-0xfebdffff]
[    0.389912] pci 0000:00:03.0: reg 0x14: [io  0xc000-0xc03f]
[    0.393398] pci 0000:00:03.0: reg 0x30: [mem 0xfeb80000-0xfebbffff pref]
[    0.395128] ACPI: PCI Interrupt Link [LNKA] (IRQs 5 *10 11)
[    0.395720] ACPI: PCI Interrupt Link [LNKB] (IRQs 5 *10 11)
[    0.396713] ACPI: PCI Interrupt Link [LNKC] (IRQs 5 10 *11)
[    0.397711] ACPI: PCI Interrupt Link [LNKD] (IRQs 5 10 *11)
[    0.398823] ACPI: PCI Interrupt Link [LNKS] (IRQs *9)
[    0.399811] iommu: Default domain type: Translated 
[    0.400688] pci 0000:00:02.0: vgaarb: setting as boot VGA device
[    0.401631] pci 0000:00:02.0: vgaarb: VGA device added: decodes=io+mem,owns=io+mem,locks=none
[    0.401633] pci 0000:00:02.0: vgaarb: bridge control possible
[    0.402632] vgaarb: loaded
[    0.403705] SCSI subsystem initialized
[    0.404686] libata version 3.00 loaded.
[    0.405377] ACPI: bus type USB registered
[    0.405647] usbcore: registered new interface driver usbfs
[    0.406640] usbcore: registered new interface driver hub
[    0.407666] usbcore: registered new device driver usb
[    0.408646] pps_core: LinuxPPS API ver. 1 registered
[    0.409632] pps_core: Software ver. 5.3.6 - Copyright 2005-2007 Rodolfo Giometti <giometti@linux.it>
[    0.410634] PTP clock support registered
[    0.411341] EDAC MC: Ver: 3.0.0
[    0.411781] Advanced Linux Sound Architecture Driver Initialized.
[    0.412645] PCI: Using ACPI for IRQ routing
[    0.413441] PCI: pci_cache_line_size set to 64 bytes
[    0.413730] e820: reserve RAM buffer [mem 0x0009fc00-0x0009ffff]
[    0.414636] e820: reserve RAM buffer [mem 0x3ffe0000-0x3fffffff]
[    0.416632] NetLabel: Initializing
[    0.417209] NetLabel:  domain hash size = 128
[    0.417632] NetLabel:  protocols = UNLABELED CIPSOv4 CALIPSO
[    0.418648] NetLabel:  unlabeled traffic allowed by default
[    0.419694] hpet: 3 channels of 0 reserved for per-cpu timers
[    0.420642] hpet0: at MMIO 0xfed00000, IRQs 2, 8, 0
[    0.421633] hpet0: 3 comparators, 64-bit 100.000000 MHz counter
[    0.426643] clocksource: Switched to clocksource kvm-clock
[    0.495433] VFS: Disk quotas dquot_6.6.0
[    0.496293] VFS: Dquot-cache hash table entries: 512 (order 0, 4096 bytes)
[    0.497514] pnp: PnP ACPI init
[    0.498100] pnp 00:00: Plug and Play ACPI device, IDs PNP0b00 (active)
[    0.499253] pnp 00:01: Plug and Play ACPI device, IDs PNP0303 (active)
[    0.500603] pnp 00:02: Plug and Play ACPI device, IDs PNP0f13 (active)
[    0.501594] pnp 00:03: [dma 2]
[    0.502073] pnp 00:03: Plug and Play ACPI device, IDs PNP0700 (active)
[    0.503123] pnp 00:04: Plug and Play ACPI device, IDs PNP0400 (active)
[    0.504113] pnp 00:05: Plug and Play ACPI device, IDs PNP0501 (active)
[    0.505197] pnp: PnP ACPI: found 6 devices
[    0.510948] clocksource: acpi_pm: mask: 0xffffff max_cycles: 0xffffff, max_idle_ns: 2085701024 ns
[    0.512295] pci_bus 0000:00: resource 4 [io  0x0000-0x0cf7 window]
[    0.513205] pci_bus 0000:00: resource 5 [io  0x0d00-0xffff window]
[    0.514150] pci_bus 0000:00: resource 6 [mem 0x000a0000-0x000bffff window]
[    0.515341] pci_bus 0000:00: resource 7 [mem 0x40000000-0xfebfffff window]
[    0.516403] pci_bus 0000:00: resource 8 [mem 0x100000000-0x17fffffff window]
[    0.517767] NET: Registered protocol family 2
[    0.518526] tcp_listen_portaddr_hash hash table entries: 512 (order: 1, 8192 bytes, linear)
[    0.519784] TCP established hash table entries: 8192 (order: 4, 65536 bytes, linear)
[    0.520925] TCP bind hash table entries: 8192 (order: 5, 131072 bytes, linear)
[    0.522050] TCP: Hash tables configured (established 8192 bind 8192)
[    0.523609] UDP hash table entries: 512 (order: 2, 16384 bytes, linear)
[    0.524679] UDP-Lite hash table entries: 512 (order: 2, 16384 bytes, linear)
[    0.525772] NET: Registered protocol family 1
[    0.526503] RPC: Registered named UNIX socket transport module.
[    0.527489] RPC: Registered udp transport module.
[    0.528202] RPC: Registered tcp transport module.
[    0.528913] RPC: Registered tcp NFSv4.1 backchannel transport module.
[    0.529963] pci 0000:00:01.0: PIIX3: Enabling Passive Release
[    0.530844] pci 0000:00:00.0: Limiting direct PCI/PCI transfers
[    0.531755] pci 0000:00:01.0: Activating ISA DMA hang workarounds
[    0.532727] pci 0000:00:02.0: Video device with shadowed ROM at [mem 0x000c0000-0x000dffff]
[    0.534421] PCI: CLS 0 bytes, default 64
[    0.535210] clocksource: tsc: mask: 0xffffffffffffffff max_cycles: 0x311fd3cd494, max_idle_ns: 440795223879 ns
[    0.536976] check: Scanning for low memory corruption every 60 seconds
[    0.538319] Initialise system trusted keyrings
[    0.539197] workingset: timestamp_bits=56 max_order=18 bucket_order=0
[    0.541449] NFS: Registering the id_resolver key type
[    0.542413] Key type id_resolver registered
[    0.543157] Key type id_legacy registered
[    0.543863] 9p: Installing v9fs 9p2000 file system support
[    0.547298] Key type asymmetric registered
[    0.548155] Asymmetric key parser 'x509' registered
[    0.549006] Block layer SCSI generic (bsg) driver version 0.4 loaded (major 251)
[    0.550337] io scheduler mq-deadline registered
[    0.551302] io scheduler kyber registered
[    0.552333] input: Power Button as /devices/LNXSYSTM:00/LNXPWRBN:00/input/input0
[    0.553599] ACPI: Power Button [PWRF]
[    0.554351] Serial: 8250/16550 driver, 4 ports, IRQ sharing enabled
[    0.578627] 00:05: ttyS0 at I/O 0x3f8 (irq = 4, base_baud = 115200) is a 16550A
[    0.580089] Non-volatile memory driver v1.3
[    0.580814] Linux agpgart interface v0.103
[    0.582475] loop: module loaded
[    0.583141] ata_piix 0000:00:01.1: version 2.13
[    0.584408] scsi host0: ata_piix
[    0.585146] scsi host1: ata_piix
[    0.585853] ata1: PATA max MWDMA2 cmd 0x1f0 ctl 0x3f6 bmdma 0xc040 irq 14
[    0.587310] ata2: PATA max MWDMA2 cmd 0x170 ctl 0x376 bmdma 0xc048 irq 15
[    0.588946] e100: Intel(R) PRO/100 Network Driver, 3.5.24-k2-NAPI
[    0.590044] e100: Copyright(c) 1999-2006 Intel Corporation
[    0.591010] e1000: Intel(R) PRO/1000 Network Driver - version 7.3.21-k8-NAPI
[    0.592284] e1000: Copyright (c) 1999-2006 Intel Corporation.
[    0.607129] PCI Interrupt Link [LNKC] enabled at IRQ 11
[    0.745911] ata1.01: NODEV after polling detection
[    0.747068] ata1.00: ATA-7: QEMU HARDDISK, 2.5+, max UDMA/100
[    0.747965] ata1.00: 41945088 sectors, multi 16: LBA48 
[    0.753172] ata2.01: NODEV after polling detection
[    0.754199] ata2.00: ATAPI: QEMU DVD-ROM, 2.5+, max UDMA/100
[    0.755570] scsi 0:0:0:0: Direct-Access     ATA      QEMU HARDDISK    2.5+ PQ: 0 ANSI: 5
[    0.756708] scsi 0:0:0:0: Attached scsi generic sg0 type 0
[    0.757670] scsi 1:0:0:0: CD-ROM            QEMU     QEMU DVD-ROM     2.5+ PQ: 0 ANSI: 5
[    0.759475] sd 0:0:0:0: [sda] 41945088 512-byte logical blocks: (21.5 GB/20.0 GiB)
[    0.760458] sd 0:0:0:0: [sda] Write Protect is off
[    0.761083] sd 0:0:0:0: [sda] Mode Sense: 00 3a 00 00
[    0.761750] sd 0:0:0:0: [sda] Write cache: enabled, read cache: enabled, doesn't support DPO or FUA
[    0.763410] sd 0:0:0:0: [sda] Attached SCSI disk
[    0.787569] sr 1:0:0:0: [sr0] scsi3-mmc drive: 4x/4x cd/rw xa/form2 tray
[    0.788622] cdrom: Uniform CD-ROM driver Revision: 3.20
[    0.789377] sr 1:0:0:0: Attached scsi CD-ROM sr0
[    0.790118] sr 1:0:0:0: Attached scsi generic sg1 type 5
[    0.936241] e1000 0000:00:03.0 eth0: (PCI:33MHz:32-bit) 52:54:00:12:34:56
[    0.937401] e1000 0000:00:03.0 eth0: Intel(R) PRO/1000 Network Connection
[    0.938544] e1000e: Intel(R) PRO/1000 Network Driver - 3.2.6-k
[    0.939655] e1000e: Copyright(c) 1999 - 2015 Intel Corporation.
[    0.940442] sky2: driver version 1.30
[    0.941020] ehci_hcd: USB 2.0 'Enhanced' Host Controller (EHCI) Driver
[    0.941990] ehci-pci: EHCI PCI platform driver
[    0.942691] ohci_hcd: USB 1.1 'Open' Host Controller (OHCI) Driver
[    0.943648] ohci-pci: OHCI PCI platform driver
[    0.944318] uhci_hcd: USB Universal Host Controller Interface driver
[    0.945284] usbcore: registered new interface driver usblp
[    0.946106] usbcore: registered new interface driver usb-storage
[    0.947030] i8042: PNP: PS/2 Controller [PNP0303:KBD,PNP0f13:MOU] at 0x60,0x64 irq 1,12
[    0.948954] serio: i8042 KBD port at 0x60,0x64 irq 1
[    0.949677] serio: i8042 AUX port at 0x60,0x64 irq 12
[    0.950739] input: AT Translated Set 2 keyboard as /devices/platform/i8042/serio0/input/input1
[    0.952274] rtc_cmos 00:00: RTC can wake from S4
[    0.954824] rtc_cmos 00:00: registered as rtc0
[    0.955509] rtc_cmos 00:00: alarms up to one day, y3k, 114 bytes nvram, hpet irqs
[    0.956726] device-mapper: ioctl: 4.41.0-ioctl (2019-09-16) initialised: dm-devel@redhat.com
[    0.958083] intel_pstate: CPU model not supported
[    0.958793] hid: raw HID events driver (C) Jiri Kosina
[    0.959670] usbcore: registered new interface driver usbhid
[    0.960531] usbhid: USB HID core driver
[    0.961375] Initializing XFRM netlink socket
[    0.962095] NET: Registered protocol family 10
[    0.962916] Segment Routing with IPv6
[    0.963447] sit: IPv6, IPv4 and MPLS over IPv4 tunneling driver
[    0.964441] NET: Registered protocol family 17
[    0.965147] 9pnet: Installing 9P2000 support
[    0.965816] Key type dns_resolver registered
[    0.966475] IPI shorthand broadcast: enabled
[    0.967036] sched_clock: Marking stable (949018266, 18008117)->(983369089, -16342706)
[    0.968101] registered taskstats version 1
[    0.968717] Loading compiled-in X.509 certificates
[    0.969557] PM:   Magic number: 12:209:207
[    0.970228] printk: console [netcon0] enabled
[    0.970873] netconsole: network logging started
[    0.971645] cfg80211: Loading compiled-in X.509 certificates for regulatory database
[    0.972996] cfg80211: Loaded X.509 cert 'sforshee: 00b28ddf47aef9cea7'
[    0.974011] platform regulatory.0: Direct firmware load for regulatory.db failed with error -2
[    0.975336] ALSA device list:
[    0.975918] cfg80211: failed to load regulatory.db
[    0.976707]   No soundcards found.
[    1.578464] random: fast init done
[    1.582742] input: ImExPS/2 Generic Explorer Mouse as /devices/platform/i8042/serio1/input/input3
[    1.588551] md: Waiting for all devices to be available before autodetect
[    1.592443] md: If you don't use raid, use raid=noautodetect
[    1.595912] md: Autodetecting RAID arrays.
[    1.597858] md: autorun ...
[    1.598914] md: ... autorun DONE.
[    1.602961] EXT4-fs (sda): INFO: recovery required on readonly filesystem
[    1.605191] EXT4-fs (sda): write access will be enabled during recovery
[    1.761005] EXT4-fs (sda): recovery complete
[    1.781851] EXT4-fs (sda): mounted filesystem with ordered data mode. Opts: (null)
[    1.786640] VFS: Mounted root (ext4 filesystem) readonly on device 8:0.
[    1.792270] devtmpfs: mounted
[    1.795245] Freeing unused kernel image (initmem) memory: 1348K
[    1.798840] Write protecting the kernel read-only data: 20480k
[    1.805435] Freeing unused kernel image (text/rodata gap) memory: 2044K
[    1.809875] Freeing unused kernel image (rodata/data gap) memory: 656K
[    1.813371] Run /sbin/init as init process
[    1.854272] SELinux:  Permission validate_trans in class security not defined in policy.
[    1.855417] SELinux:  Permission getrlimit in class process not defined in policy.
[    1.856398] SELinux:  Class process2 not defined in policy.
[    1.857102] SELinux:  Permission module_load in class system not defined in policy.
[    1.858171] SELinux:  Permission watch in class filesystem not defined in policy.
[    1.859302] SELinux:  Permission map in class file not defined in policy.
[    1.860372] SELinux:  Permission watch in class file not defined in policy.
[    1.861390] SELinux:  Permission watch_mount in class file not defined in policy.
[    1.862367] SELinux:  Permission watch_sb in class file not defined in policy.
[    1.863389] SELinux:  Permission watch_with_perm in class file not defined in policy.
[    1.864575] SELinux:  Permission watch_reads in class file not defined in policy.
[    1.865618] SELinux:  Permission map in class dir not defined in policy.
[    1.866547] SELinux:  Permission watch in class dir not defined in policy.
[    1.867603] SELinux:  Permission watch_mount in class dir not defined in policy.
[    1.868610] SELinux:  Permission watch_sb in class dir not defined in policy.
[    1.869601] SELinux:  Permission watch_with_perm in class dir not defined in policy.
[    1.870576] SELinux:  Permission watch_reads in class dir not defined in policy.
[    1.871662] SELinux:  Permission map in class lnk_file not defined in policy.
[    1.872677] SELinux:  Permission watch in class lnk_file not defined in policy.
[    1.873724] SELinux:  Permission watch_mount in class lnk_file not defined in policy.
[    1.874842] SELinux:  Permission watch_sb in class lnk_file not defined in policy.
[    1.875954] SELinux:  Permission watch_with_perm in class lnk_file not defined in policy.
[    1.877125] SELinux:  Permission watch_reads in class lnk_file not defined in policy.
[    1.878549] SELinux:  Permission map in class chr_file not defined in policy.
[    1.879527] SELinux:  Permission watch in class chr_file not defined in policy.
[    1.880475] SELinux:  Permission watch_mount in class chr_file not defined in policy.
[    1.881599] SELinux:  Permission watch_sb in class chr_file not defined in policy.
[    1.882735] SELinux:  Permission watch_with_perm in class chr_file not defined in policy.
[    1.883995] SELinux:  Permission watch_reads in class chr_file not defined in policy.
[    1.885165] SELinux:  Permission map in class blk_file not defined in policy.
[    1.886082] SELinux:  Permission watch in class blk_file not defined in policy.
[    1.887017] SELinux:  Permission watch_mount in class blk_file not defined in policy.
[    1.888035] SELinux:  Permission watch_sb in class blk_file not defined in policy.
[    1.889028] SELinux:  Permission watch_with_perm in class blk_file not defined in policy.
[    1.890109] SELinux:  Permission watch_reads in class blk_file not defined in policy.
[    1.891128] SELinux:  Permission map in class sock_file not defined in policy.
[    1.892054] SELinux:  Permission watch in class sock_file not defined in policy.
[    1.893001] SELinux:  Permission watch_mount in class sock_file not defined in policy.
[    1.894039] SELinux:  Permission watch_sb in class sock_file not defined in policy.
[    1.895031] SELinux:  Permission watch_with_perm in class sock_file not defined in policy.
[    1.896261] SELinux:  Permission watch_reads in class sock_file not defined in policy.
[    1.897580] SELinux:  Permission map in class fifo_file not defined in policy.
[    1.898505] SELinux:  Permission watch in class fifo_file not defined in policy.
[    1.899487] SELinux:  Permission watch_mount in class fifo_file not defined in policy.
[    1.900476] SELinux:  Permission watch_sb in class fifo_file not defined in policy.
[    1.901433] SELinux:  Permission watch_with_perm in class fifo_file not defined in policy.
[    1.902464] SELinux:  Permission watch_reads in class fifo_file not defined in policy.
[    1.903512] SELinux:  Permission map in class socket not defined in policy.
[    1.904384] SELinux:  Permission map in class tcp_socket not defined in policy.
[    1.905298] SELinux:  Permission map in class udp_socket not defined in policy.
[    1.906211] SELinux:  Permission map in class rawip_socket not defined in policy.
[    1.907247] SELinux:  Permission map in class netlink_socket not defined in policy.
[    1.908352] SELinux:  Permission map in class packet_socket not defined in policy.
[    1.909439] SELinux:  Permission map in class key_socket not defined in policy.
[    1.910489] SELinux:  Permission map in class unix_stream_socket not defined in policy.
[    1.911722] SELinux:  Permission map in class unix_dgram_socket not defined in policy.
[    1.913265] SELinux:  Permission map in class netlink_route_socket not defined in policy.
[    1.914334] SELinux:  Permission map in class netlink_tcpdiag_socket not defined in policy.
[    1.915440] SELinux:  Permission map in class netlink_nflog_socket not defined in policy.
[    1.916488] SELinux:  Permission map in class netlink_xfrm_socket not defined in policy.
[    1.917525] SELinux:  Permission map in class netlink_selinux_socket not defined in policy.
[    1.918618] SELinux:  Class netlink_iscsi_socket not defined in policy.
[    1.919475] SELinux:  Permission map in class netlink_audit_socket not defined in policy.
[    1.920523] SELinux:  Class netlink_fib_lookup_socket not defined in policy.
[    1.921780] SELinux:  Class netlink_connector_socket not defined in policy.
[    1.923062] SELinux:  Class netlink_netfilter_socket not defined in policy.
[    1.924345] SELinux:  Permission map in class netlink_dnrt_socket not defined in policy.
[    1.925818] SELinux:  Permission map in class netlink_kobject_uevent_socket not defined in policy.
[    1.927438] SELinux:  Class netlink_generic_socket not defined in policy.
[    1.928645] SELinux:  Class netlink_scsitransport_socket not defined in policy.
[    1.929830] SELinux:  Class netlink_rdma_socket not defined in policy.
[    1.930885] SELinux:  Class netlink_crypto_socket not defined in policy.
[    1.931760] SELinux:  Permission map in class appletalk_socket not defined in policy.
[    1.932861] SELinux:  Permission map in class dccp_socket not defined in policy.
[    1.933993] SELinux:  Permission map in class tun_socket not defined in policy.
[    1.935094] SELinux:  Class binder not defined in policy.
[    1.935914] SELinux:  Class cap_userns not defined in policy.
[    1.936761] SELinux:  Class cap2_userns not defined in policy.
[    1.937614] SELinux:  Class sctp_socket not defined in policy.
[    1.938483] SELinux:  Class icmp_socket not defined in policy.
[    1.939319] SELinux:  Class ax25_socket not defined in policy.
[    1.940085] SELinux:  Class ipx_socket not defined in policy.
[    1.940853] SELinux:  Class netrom_socket not defined in policy.
[    1.941654] SELinux:  Class atmpvc_socket not defined in policy.
[    1.942422] SELinux:  Class x25_socket not defined in policy.
[    1.943182] SELinux:  Class rose_socket not defined in policy.
[    1.943962] SELinux:  Class decnet_socket not defined in policy.
[    1.944751] SELinux:  Class atmsvc_socket not defined in policy.
[    1.945574] SELinux:  Class rds_socket not defined in policy.
[    1.946580] SELinux:  Class irda_socket not defined in policy.
[    1.947499] SELinux:  Class pppox_socket not defined in policy.
[    1.948286] SELinux:  Class llc_socket not defined in policy.
[    1.949067] SELinux:  Class can_socket not defined in policy.
[    1.949822] SELinux:  Class tipc_socket not defined in policy.
[    1.950570] SELinux:  Class bluetooth_socket not defined in policy.
[    1.951383] SELinux:  Class iucv_socket not defined in policy.
[    1.952153] SELinux:  Class rxrpc_socket not defined in policy.
[    1.952918] SELinux:  Class isdn_socket not defined in policy.
[    1.953671] SELinux:  Class phonet_socket not defined in policy.
[    1.954494] SELinux:  Class ieee802154_socket not defined in policy.
[    1.955341] SELinux:  Class caif_socket not defined in policy.
[    1.956095] SELinux:  Class alg_socket not defined in policy.
[    1.956838] SELinux:  Class nfc_socket not defined in policy.
[    1.957576] SELinux:  Class vsock_socket not defined in policy.
[    1.958372] SELinux:  Class kcm_socket not defined in policy.
[    1.959123] SELinux:  Class qipcrtr_socket not defined in policy.
[    1.959909] SELinux:  Class smc_socket not defined in policy.
[    1.960652] SELinux:  Class infiniband_pkey not defined in policy.
[    1.961444] SELinux:  Class infiniband_endport not defined in policy.
[    1.962447] SELinux:  Class bpf not defined in policy.
[    1.963364] SELinux:  Class xdp_socket not defined in policy.
[    1.964411] SELinux:  Class perf_event not defined in policy.
[    1.965472] SELinux: the above unknown classes and permissions will be allowed
[    1.966795] SELinux:  policy capability network_peer_controls=1
[    1.967872] SELinux:  policy capability open_perms=1
[    1.968756] SELinux:  policy capability extended_socket_class=0
[    1.969781] SELinux:  policy capability always_check_network=0
[    1.970838] SELinux:  policy capability cgroup_seclabel=0
[    1.971809] SELinux:  policy capability nnp_nosuid_transition=0
[    1.976317] audit: type=1403 audit(1594433560.035:2): auid=4294967295 ses=4294967295 lsm=selinux res=1
INIT: version 2.88 booting
[    1.985045] stty (96) used greatest stack depth: 13648 bytes left
 [31m*[39;49m udev requires hotplug support, not started
   ...fail!
[    2.101441] audit: type=1400 audit(1594433560.160:3): avc:  denied  { associate } for  pid=247 comm="restorecon" name="pts" dev="devtmpfs" ino=8361 scontext=system_u:object_r:devpts_t:s0 tcontext=system_u:object_r:device_t:s0 tclass=filesystem permissive=1
 * Setting the system clock
 * System Clock set to: Sat Jul 11 02:12:40 UTC 2020
 * Activating swap...       [80G [74G[ OK ]
[    2.848499] EXT4-fs (sda): re-mounted. Opts: (null)
 * Cleaning up temporary files...       [80G [74G[ OK ]
 * Activating lvm and md swap...       [80G [74G[ OK ]
 * Checking file systems...       [80G fsck from util-linux 2.27.1
[74G[ OK ]
 * Mounting local filesystems...       [80G [74G[ OK ]
/etc/rcS.d/S08mountall.sh: 59: kill: Illegal number: 94 1
 * Activating swapfile swap...       [80G [74G[ OK ]
 * Cleaning up temporary files...       [80G [74G[ OK ]
 * Setting kernel variables ...       [80G sysctl: cannot stat /proc/sys/net/core/bpf_jit_enable: No such file or directory
sysctl: cannot stat /proc/sys/net/core/bpf_jit_harden: No such file or directory
[74G[ OK ]
[    3.132619] random: dd: uninitialized urandom read (512 bytes read)
 * Configuring network interfaces...       [80G [    3.146072] ip (934) used greatest stack depth: 12024 bytes left
Internet Systems Consortium DHCP Client 4.2.2
Copyright 2004-2011 Internet Systems Consortium.
All rights reserved.
For info, please visit https://www.isc.org/software/dhcp/

[    3.179098] e1000: eth0 NIC Link is Up 1000 Mbps Full Duplex, Flow Control: RX
[    3.180650] IPv6: ADDRCONF(NETDEV_CHANGE): eth0: link becomes ready
[    3.183748] found allocation of sock_fprog_kern net/core/filter.c:1117
Listening on LPF/eth0/52:54:00:12:34:56
Sending on   LPF/eth0/52:54:00:12:34:56
Sending on   Socket/fallback
DHCPDISCOVER on eth0 to 255.255.255.255 port 67 interval 5
DHCPREQUEST on eth0 to 255.255.255.255 port 67
DHCPOFFER from 10.0.2.2
DHCPACK from 10.0.2.2
bound to 10.0.2.15 -- renewal in 42919 seconds.
[74G[ OK ]
 * Cleaning up temporary files...       [80G [74G[ OK ]
INIT: Entering runlevel: 2
 * Starting enhanced syslogd rsyslogd       [80G [    8.352617] random: crng init done
[   14.292457] audit: type=1400 audit(1594433571.497:4): avc:  denied  { syslog } for  pid=1067 comm="rsyslogd" capability=34  scontext=system_u:system_r:kernel_t:s0 tcontext=system_u:system_r:kernel_t:s0 tclass=capability2 permissive=1
[74G[ OK ]
 * Starting periodic command scheduler cron       [80G [74G[ OK ]
 * Starting system message bus dbus       [80G [74G[ OK ]
 * Starting SELinux Context Translation System mcstransd       [80G [74G[ OK ]
 * Starting SELinux file context maintaining daemon restorecond       [80G [74G[ OK ]
 * Starting OpenBSD Secure Shell server sshd       [80G [74G[ OK ]

Debian GNU/Linux 7 osok ttyS0

osok login: [   25.740709] found allocation of user_key_payload security/keys/user_defined.c:68
